// Jest Snapshot v1, https://goo.gl/fbAQLP

exports[`Deve renderizar corretamente 1`] = `
<main
  className="pokedex-pagina"
/>
`;
